
> money-manager@1.0.0 test:connection
> node src/scripts/testConnection.js

[2025-12-14T07:35:33.211Z] [TestConnection] About to start test
[2025-12-14T07:35:33.212Z] [TestConnection] Bank type validated | {"bankType":"visaCal","bankName":"Visa Cal"}
[2025-12-14T07:35:33.212Z] [TestConnection] Credentials loaded | {"providedFields":["username","password"],"requiredFields":["username","password"]}
[2025-12-14T07:35:33.212Z] [TestConnection] Starting scrape | {"bankType":"visaCal","dateRange":"2025-11-13 to 2025-12-14","monthsBack":1}
[SCRAPER] 2025-12-14T07:35:33.212Z Creating scraper instance for visaCal...
[SCRAPER] 2025-12-14T07:35:33.212Z Starting scrape...
[2025-12-14T07:37:35.844Z] [TestConnection] Scrape completed | {"success":false,"accountsFound":0,"errorType":"GENERAL_ERROR","errorMessage":"Login failed with UNKNOWN_ERROR error","elapsedSeconds":123}
[2025-12-14T07:37:35.844Z] [TestConnection] Error: Scraper returned failure | {"errorType":"GENERAL_ERROR","errorMessage":"Login failed with UNKNOWN_ERROR error"}
